error: sha256 does not match, expected: 1fe14981cdfc7949303bf3617b3b14c0db76828e42771510c0a391601ef4325b
 --> tests/trybuild/contractfile_with_sha256_verify_fail.rs:3:5
  |
3 |     sha256 = "0000000000000000000000000000000000000000000000000000000000000000",
  |     ^^^^^^

error[E0601]: `main` function not found in crate `$CRATE`
 --> tests/trybuild/contractfile_with_sha256_verify_fail.rs:4:3
  |
4 | );
  |   ^ consider adding a `main` function to `$DIR/tests/trybuild/contractfile_with_sha256_verify_fail.rs`
