error: sha256 does not match, expected: 1fe14981cdfc7949303bf3617b3b14c0db76828e42771510c0a391601ef4325b
 --> tests/trybuild/contractimport_with_sha256_verify_fail.rs:3:5
  |
3 |     sha256 = "0000000000000000000000000000000000000000000000000000000000000000",
  |     ^^^^^^
